7
5.85
-1
0.43
12
8.509399999999999
0.75
1.158671586715867
3
0.43
hello, world!
[1, 2, 3, 4, 5, 6]
Hello 42
42 Hello
false
true
false
true
true
false
true
false
true
true
false
false
false
true
true
false
false
true
false
true
false
true
