false
true
true
false
-1
1
-1
-3.14159
3.14159
-0
0
