nil
true
false
42
-13
3.14159
Hello, World!
Recife is the best city in Brazil!
