[1, 2, 3, 4, 5, 6, 7, 8, 9, 10]
[nil, true, false, 42, 3.14, "ciao", [1, 2, 3], [4, 5, 6], ["bonjour", 1, nil]]
