true
false
false
false

true
true
true
false

2
nil
false
true
hello
[1, 2, 3, 4, 5]

1
1
1
1
1
1
