Hi! My name is Victor and I am 26 years old. How are you doing?
