Hello! My name is Victor. And I am very pleased to meet you.
