Hi! I am a cat. My name is Yoruichi. I am 12 years old. My breed is Scottish Fold.
