The area of the square 'sq' is: 9 mÂ².
The perimeter of the square 'sq' is: 12 m.
