My name is Vi.
My archetype is Brawler.
My position is Jungle.
