My dog is a male and his name is Thor. He has 0.5 years.
