This is a Rectangle with an area of: 24 units.
This is a Triangle with an area of: 10.5 units.
