A new animal is being created... What kind of animal will it be?
A lion has been created!
I am a lion and my name is Simba.
