Hello from the if clause!
Hello from the global scope!
