0 is an even number.
1 is an odd number.
2 is an even number.
3 is an odd number.
4 is an even number.
5 is an odd number.
6 is an even number.
7 is an odd number.
8 is an even number.
9 is an odd number.

Finished printing numbers.
