Printing only the even numbers from 0 - 10.
0
2
4
6
8
10

Printing only the odd numbers from 0 - 10.
1
3
5
7
9
