i: 2 --- j: 1
i: 2 --- j: 2
i: 2 --- j: 3
i: 2 --- j: 4
i: 4 --- j: 1
i: 4 --- j: 2
i: 4 --- j: 3
i: 4 --- j: 4
