false
nil
35
Hello, World! I am alive!
[1, 2, 3, 4, 5, 6, 7, 8]
