Hello! My name is Victor and I am 26 years old. Also, I am 1.83m tall and I have 68.5kg.
