0.25
0.25

4
-3
1
-1

2
-3
2
-2

3
0
0.25
4

1024
1
0
6.25

2
11
14
1.732050807568877
