97
98
65
66

42
-42
3.14159
-3.14159

true
false

nil
