Thor
1.5
42
Hello, there! My name is Thor and I have 1.5 m and 42 kg.
Sirius
1.23
64
Hello, there! My name is Sirius and I have 1.23 m and 64 kg.
